<h3>One - line paragraph.</h3>

<h3>One two?</h3>

<h3>One, two three four</h3>

<h3>One two, three four five!</h3>

One two, three four 5 six seven eight nine not wrap h3 tag!

OEF